// Jest Snapshot v1, https://goo.gl/fbAQLP

exports[`ShopVacBlastGatesComponent should render 1`] = `
<app-shop-vac-blast-gates
  _changeDetectorRef={[Function ViewRef$1]}
  _shopVacService={[Function Object]}
  _subs={[Function SubSink]}
  blastGates={[Function Array]}
  create="false"
  createModel={[Function Object]}
>
  <div
    class="card flex flex-col"
  >
    <div
      class="rounded-t-2xl bg-base-300 p-2"
    >
      <div
        class="flex items-center justify-between"
      >
        <h2
          class="p-2 text-lg font-bold"
        >
          Blast Gates
        </h2>
        <div>
          <div
            class="flex gap-2"
          >
            <button
              class="btn"
            >
               Open All 
            </button>
            <button
              class="btn"
            >
               Close All 
            </button>
            <button
              class="btn btn-success"
            >
              <span
                class="text-white"
              >
                <i
                  class="fas fa-plus fa-fw"
                />
              </span>
            </button>
          </div>
        </div>
      </div>
    </div>
    <div
      class="card-body bg-base-200 rounded-b-2xl"
    >
      <app-blast-gate />
    </div>
  </div>
</app-shop-vac-blast-gates>
`;
